\BOOKMARK [1][-]{section.1}{\376\377\000W\000h\000a\000t\000\040\000w\000e\000\040\000a\000r\000e\000\040\000d\000o\000i\000n\000g\000\040\000a\000n\000d\000\040\000w\000h\000y}{}% 1
\BOOKMARK [2][-]{subsection.1.1}{\376\377\000T\000h\000e\000\040\000b\000i\000o\000l\000o\000g\000i\000c\000a\000l\000\040\000q\000u\000e\000s\000t\000i\000o\000n}{section.1}% 2
\BOOKMARK [2][-]{subsection.1.2}{\376\377\000T\000h\000e\000\040\000m\000o\000d\000e\000l}{section.1}% 3
\BOOKMARK [2][-]{subsection.1.3}{\376\377\000C\000o\000m\000p\000a\000r\000i\000s\000o\000n\000\040\000d\000e\000s\000i\000g\000n}{section.1}% 4
\BOOKMARK [1][-]{section.2}{\376\377\000A\000n\000a\000l\000y\000t\000i\000c\000a\000l\000\040\000r\000e\000s\000u\000l\000t\000s}{}% 5
\BOOKMARK [2][-]{subsection.2.1}{\376\377\000M\000u\000t\000a\000t\000i\000o\000n\000\040\000s\000u\000p\000p\000l\000y}{section.2}% 6
\BOOKMARK [2][-]{subsection.2.2}{\376\377\000C\000o\000r\000e\000\040\000d\000e\000l\000i\000v\000e\000r\000y\000:\000\040\000t\000h\000e\000\040\000r\000a\000c\000e\000\040\000b\000e\000t\000w\000e\000e\000n\000\040\000d\000r\000i\000f\000t\000\040\000a\000n\000d\000\040\000b\000o\000u\000n\000d\000a\000r\000y\000\040\000r\000e\000t\000r\000e\000a\000t}{section.2}% 7
\BOOKMARK [2][-]{subsection.2.3}{\376\377\000E\000s\000t\000a\000b\000l\000i\000s\000h\000m\000e\000n\000t\000:\000\040\000W\000T\000\040\000r\000e\000s\000u\000p\000p\000l\000y\000\040\000k\000e\000e\000p\000s\000\040\000t\000h\000e\000\040\000e\000d\000g\000e\000\040\000h\000o\000s\000t\000i\000l\000e}{section.2}% 8
\BOOKMARK [2][-]{subsection.2.4}{\376\377\000P\000u\000t\000t\000i\000n\000g\000\040\000i\000t\000\040\000t\000o\000g\000e\000t\000h\000e\000r\000:\000\040\000e\000s\000t\000a\000b\000l\000i\000s\000h\000m\000e\000n\000t\000\040\000s\000u\000p\000p\000r\000e\000s\000s\000i\000o\000n\000\040\000d\000o\000m\000i\000n\000a\000t\000e\000s}{section.2}% 9
\BOOKMARK [2][-]{subsection.2.5}{\376\377\000T\000e\000s\000t\000a\000b\000l\000e\000\040\000p\000r\000e\000d\000i\000c\000t\000i\000o\000n\000s}{section.2}% 10
\BOOKMARK [2][-]{subsection.2.6}{\376\377\000W\000h\000a\000t\000\040\000t\000h\000e\000\040\000a\000p\000p\000r\000o\000x\000i\000m\000a\000t\000i\000o\000n\000\040\000m\000i\000s\000s\000e\000s}{section.2}% 11
\BOOKMARK [1][-]{section.3}{\376\377\000W\000h\000a\000t\000\040\000w\000e\000\040\000h\000a\000v\000e\000\040\000b\000u\000i\000l\000t}{}% 12
\BOOKMARK [2][-]{subsection.3.1}{\376\377\000S\000i\000m\000u\000l\000a\000t\000i\000o\000n\000\040\000c\000o\000d\000e}{section.3}% 13
\BOOKMARK [2][-]{subsection.3.2}{\376\377\000R\000u\000n\000\040\000s\000c\000r\000i\000p\000t\000s}{section.3}% 14
\BOOKMARK [2][-]{subsection.3.3}{\376\377\000M\000a\000k\000e\000-\000j\000o\000b\000s\000\040\000a\000n\000d\000\040\000H\000T\000C\000o\000n\000d\000o\000r\000\040\000s\000c\000r\000i\000p\000t\000s}{section.3}% 15
\BOOKMARK [2][-]{subsection.3.4}{\376\377\000T\000e\000s\000t\000s}{section.3}% 16
\BOOKMARK [1][-]{section.4}{\376\377\000W\000h\000a\000t\000\040\000n\000e\000e\000d\000s\000\040\000t\000o\000\040\000g\000e\000t\000\040\000d\000o\000n\000e}{}% 17
\BOOKMARK [2][-]{subsection.4.1}{\376\377\000S\000i\000m\000u\000l\000a\000t\000i\000o\000n\000s\000\040\000t\000o\000\040\000r\000u\000n}{section.4}% 18
\BOOKMARK [2][-]{subsection.4.2}{\376\377\000A\000n\000a\000l\000y\000s\000i\000s\000\040\000t\000o\000\040\000b\000u\000i\000l\000d}{section.4}% 19
\BOOKMARK [2][-]{subsection.4.3}{\376\377\000T\000h\000e\000o\000r\000y\000\040\000s\000t\000i\000l\000l\000\040\000n\000e\000e\000d\000e\000d}{section.4}% 20
\BOOKMARK [2][-]{subsection.4.4}{\376\377\000W\000r\000i\000t\000i\000n\000g}{section.4}% 21
\BOOKMARK [1][-]{section.5}{\376\377\000P\000a\000r\000a\000m\000e\000t\000e\000r\000\040\000r\000e\000f\000e\000r\000e\000n\000c\000e}{}% 22
