000 (2768243.184.000) 2026-05-10 11:36:17 Job submitted from host: <128.105.69.40:9618?addrs=128.105.69.40-9618+[2607-f388-2200-100-5200-e6ff-fe61-930c]-9618&alias=ap41.uw.osg-htc.org&noUDP&sock=schedd_8323_76d5>
...
021 (2768243.184.000) 2026-05-10 11:38:10 Error from starter on slot1_4@glidein_32861_180993750@node007:
	Could not initiate file transfer
...
004 (2768243.184.000) 2026-05-10 11:38:10 Job was evicted. Code 1007 Subcode 0
	(0) CPU times
		Usr 0 00:00:00, Sys 0 00:00:00  -  Run Remote Usage
		Usr 0 00:00:00, Sys 0 00:00:00  -  Run Local Usage
	0  -  Run Bytes Sent By Job
	0  -  Run Bytes Received By Job
	Reason: Error from slot1_4@glidein_32861_180993750@node007: Could not initiate file transfer
	Partitionable Resources :    Usage  Request Allocated 
	   Cpus                 :                 1         1 
	   Disk (KB)            :    22500   204800    204800 
	   GPUs                 :                           0 
	   Memory (MB)          :               512       512 
...
040 (2768243.184.000) 2026-05-10 11:38:15 Started transferring input files
	Transferring to host: <204.39.195.25:35417?CCBID=128.105.82.148:9618%3faddrs%3d128.105.82.148-9618+[2607-f388-2200-85-296f-402f-6ac5-aa64]-9618%26alias%3dospool-ccb.osg.chtc.io%26noUDP%26sock%3dcollector6#473193%2067.58.49.91:9618%3faddrs%3d67.58.49.91-9618+[fdf0-17b3-c3ec-1f79-10-0-1-f922]-9618%26alias%3dccb-2.ospool.osg-htc.org%26noUDP%26sock%3dcollector8#466040&PrivNet=wsu-lg05.osris.org&addrs=204.39.195.25-35417&alias=wsu-lg05.osris.org&noUDP>
...
040 (2768243.184.000) 2026-05-10 11:38:15 Finished transferring input files
...
021 (2768243.184.000) 2026-05-10 11:38:15 Message from starter on slot1@glidein_634836_860174174@wsu-lg05.osris.org:
	PREPARE_JOB (prepare-hook) succeeded (reported status 000): Singularity is not supported - continuing job without a container
...
001 (2768243.184.000) 2026-05-10 11:38:15 Job executing on host: <204.39.195.25:44117?CCBID=128.105.82.148:9618%3faddrs%3d128.105.82.148-9618+[2607-f388-2200-85-296f-402f-6ac5-aa64]-9618%26alias%3dospool-ccb.osg.chtc.io%26noUDP%26sock%3dcollector5#473186%2067.58.49.91:9618%3faddrs%3d67.58.49.91-9618+[fdf0-17b3-c3ec-1f79-10-0-1-f922]-9618%26alias%3dccb-2.ospool.osg-htc.org%26noUDP%26sock%3dcollector9#464867&PrivNet=wsu-lg05.osris.org&addrs=204.39.195.25-44117&alias=wsu-lg05.osris.org&noUDP>
	SlotName: slot1@glidein_634836_860174174@wsu-lg05.osris.org
	CondorScratchDir = "/scratch/glide_YTWqko/execute/dir_1735525/scratch"
	Cpus = 1
	Disk = 8633403
	GLIDEIN_ResourceName = "MI-HORUS-CE2"
	GPUs = 0
	Memory = 4096
...
006 (2768243.184.000) 2026-05-10 11:38:19 Image size of job updated: 89772
	30  -  MemoryUsage of job (MB)
	30720  -  ResidentSetSize of job (KB)
...
040 (2768243.184.000) 2026-05-10 11:38:19 Started transferring output files
...
040 (2768243.184.000) 2026-05-10 11:38:19 Finished transferring output files
...
005 (2768243.184.000) 2026-05-10 11:38:19 Job terminated.
	(1) Normal termination (return value 0)
		Usr 0 00:00:02, Sys 0 00:00:00  -  Run Remote Usage
		Usr 0 00:00:00, Sys 0 00:00:00  -  Run Local Usage
		Usr 0 00:00:02, Sys 0 00:00:00  -  Total Remote Usage
		Usr 0 00:00:00, Sys 0 00:00:00  -  Total Local Usage
	21892  -  Run Bytes Sent By Job
	21930277  -  Run Bytes Received By Job
	21892  -  Total Bytes Sent By Job
	21930277  -  Total Bytes Received By Job
	Partitionable Resources :    Usage  Request Allocated 
	   Cpus                 :        0        1         1 
	   Disk (KB)            :    97288   204800   8633403 
	   GPUs                 :                           0 
	   Memory (MB)          :       30      512      4096 
	   TimeExecute (s)      :        4                    
	   TimeSlotBusy (s)     :        5                    
...
