000 (2768245.465.000) 2026-05-10 11:46:28 Job submitted from host: <128.105.69.40:9618?addrs=128.105.69.40-9618+[2607-f388-2200-100-5200-e6ff-fe61-930c]-9618&alias=ap41.uw.osg-htc.org&noUDP&sock=schedd_8323_76d5>
...
021 (2768245.465.000) 2026-05-10 11:49:41 Error from starter on slot1_25@glidein_2817_685852663@CRUSH-OSG-C7-10-5-206-119:
	Could not initiate file transfer
...
004 (2768245.465.000) 2026-05-10 11:49:42 Job was evicted. Code 1007 Subcode 0
	(0) CPU times
		Usr 0 00:00:00, Sys 0 00:00:00  -  Run Remote Usage
		Usr 0 00:00:00, Sys 0 00:00:00  -  Run Local Usage
	0  -  Run Bytes Sent By Job
	0  -  Run Bytes Received By Job
	Reason: Error from slot1_25@glidein_2817_685852663@CRUSH-OSG-C7-10-5-206-119: Could not initiate file transfer
	Partitionable Resources :    Usage  Request Allocated 
	   Cpus                 :                 1         1 
	   Disk (KB)            :       40   204800    205824 
	   GPUs                 :                           0 
	   Memory (MB)          :               512       512 
...
040 (2768245.465.000) 2026-05-10 11:49:51 Started transferring input files
	Transferring to host: <10.32.86.131:43651?CCBID=128.105.82.148:9618%3faddrs%3d128.105.82.148-9618+[2607-f388-2200-85-296f-402f-6ac5-aa64]-9618%26alias%3dospool-ccb.osg.chtc.io%26noUDP%26sock%3dcollector3#472735%2067.58.49.91:9618%3faddrs%3d67.58.49.91-9618+[fdf0-17b3-c3ec-1f79-10-0-1-f922]-9618%26alias%3dccb-2.ospool.osg-htc.org%26noUDP%26sock%3dcollector3#465071&PrivNet=d12chas568.crc.nd.edu&addrs=10.32.86.131-43651&alias=d12chas568.crc.nd.edu&noUDP>
...
040 (2768245.465.000) 2026-05-10 11:49:51 Finished transferring input files
...
021 (2768245.465.000) 2026-05-10 11:49:52 Message from starter on slot1_2@glidein_3637627_81811873@d12chas568.crc.nd.edu:
	PREPARE_JOB (prepare-hook) succeeded (reported status 000): Using Singularity image /cvmfs/singularity.opensciencegrid.org/htc/rocky:9
...
001 (2768245.465.000) 2026-05-10 11:49:52 Job executing on host: <10.32.86.131:41429?CCBID=128.105.82.148:9618%3faddrs%3d128.105.82.148-9618+[2607-f388-2200-85-296f-402f-6ac5-aa64]-9618%26alias%3dospool-ccb.osg.chtc.io%26noUDP%26sock%3dcollector8#409720%2067.58.49.91:9618%3faddrs%3d67.58.49.91-9618+[fdf0-17b3-c3ec-1f79-10-0-1-f922]-9618%26alias%3dccb-2.ospool.osg-htc.org%26noUDP%26sock%3dcollector6#402821&PrivNet=d12chas568.crc.nd.edu&addrs=10.32.86.131-41429&alias=d12chas568.crc.nd.edu&noUDP>
	SlotName: slot1_2@glidein_3637627_81811873@d12chas568.crc.nd.edu
	CondorScratchDir = "/var/condor/execute/dir_3637625/glide_cdYdHn/execute/dir_2812507/scratch"
	Cpus = 1
	Disk = 204800
	GLIDEIN_ResourceName = "NWICG_NDCMS"
	GPUs = 0
	Memory = 512
...
006 (2768245.465.000) 2026-05-10 11:50:00 Image size of job updated: 3599904
	88  -  MemoryUsage of job (MB)
	89236  -  ResidentSetSize of job (KB)
...
040 (2768245.465.000) 2026-05-10 11:50:04 Started transferring output files
...
040 (2768245.465.000) 2026-05-10 11:50:04 Finished transferring output files
...
005 (2768245.465.000) 2026-05-10 11:50:04 Job terminated.
	(1) Normal termination (return value 0)
		Usr 0 00:00:06, Sys 0 00:00:00  -  Run Remote Usage
		Usr 0 00:00:00, Sys 0 00:00:00  -  Run Local Usage
		Usr 0 00:00:06, Sys 0 00:00:00  -  Total Remote Usage
		Usr 0 00:00:00, Sys 0 00:00:00  -  Total Local Usage
	22096  -  Run Bytes Sent By Job
	38939  -  Run Bytes Received By Job
	22096  -  Total Bytes Sent By Job
	38939  -  Total Bytes Received By Job
	Partitionable Resources :    Usage  Request Allocated 
	   Cpus                 :        0        1         1 
	   Disk (KB)            :      219   204800    204800 
	   GPUs                 :                           0 
	   Memory (MB)          :       88      512       512 
	   TimeExecute (s)      :       12                    
	   TimeSlotBusy (s)     :       13                    
...
